-- Configuring done (4.8s)
-- Generating done (7.2s)
-- Build files have been written to: /home/bigyang/amg-compress/raptor-compress/build
[  1%] Built target gtest
[  2%] Building CXX object raptor/CMakeFiles/raptor.dir/core/comm_pkg.cpp.o
[  2%] Building CXX object raptor/CMakeFiles/raptor.dir/core/comm_data.cpp.o
[  4%] Built target gtest_main
[  4%] Building CXX object raptor/CMakeFiles/raptor.dir/core/tap_comm.cpp.o
[  5%] Building CXX object raptor/CMakeFiles/raptor.dir/core/comm_mat.cpp.o
[  5%] Building CXX object raptor/CMakeFiles/raptor.dir/core/par_matrix.cpp.o
[  5%] Built target gmock
[  5%] Building CXX object raptor/CMakeFiles/raptor.dir/gallery/par_stencil.cpp.o
[  7%] Building CXX object raptor/CMakeFiles/raptor.dir/gallery/par_matrix_IO.cpp.o
[  7%] Building CXX object raptor/CMakeFiles/raptor.dir/gallery/par_matrix_market.cpp.o
[  7%] Building CXX object raptor/CMakeFiles/raptor.dir/gallery/par_random.cpp.o
[  7%] Building CXX object raptor/CMakeFiles/raptor.dir/util/linalg/par_spmv.cpp.o
[  8%] Building CXX object raptor/CMakeFiles/raptor.dir/util/linalg/par_matmult.cpp.o
[  8%] Building CXX object raptor/CMakeFiles/raptor.dir/util/linalg/par_relax.cpp.o
[  8%] Building CXX object raptor/CMakeFiles/raptor.dir/util/linalg/par_add.cpp.o
[ 10%] Building CXX object raptor/CMakeFiles/raptor.dir/util/linalg/par_diag_scale.cpp.o
[ 10%] Building CXX object raptor/CMakeFiles/raptor.dir/util/linalg/repartition.cpp.o
[ 10%] Building CXX object raptor/CMakeFiles/raptor.dir/par_strength.cpp.o
[ 11%] Building CXX object raptor/CMakeFiles/raptor.dir/ruge_stuben/par_interpolation.cpp.o
[ 11%] Building CXX object raptor/CMakeFiles/raptor.dir/ruge_stuben/par_cf_splitting.cpp.o
[ 11%] Building CXX object raptor/CMakeFiles/raptor.dir/aggregation/par_mis.cpp.o
[ 12%] Building CXX object raptor/CMakeFiles/raptor.dir/aggregation/par_candidates.cpp.o
[ 12%] Building CXX object raptor/CMakeFiles/raptor.dir/aggregation/par_aggregate.cpp.o
[ 14%] Built target gmock_main
[ 14%] Building CXX object raptor/CMakeFiles/raptor.dir/aggregation/par_prolongation.cpp.o
[ 14%] Building CXX object raptor/CMakeFiles/raptor.dir/krylov/par_cg.cpp.o
[ 15%] Building CXX object raptor/CMakeFiles/raptor.dir/profiling/profile_comm.cpp.o
[ 15%] Building CXX object raptor/CMakeFiles/raptor.dir/krylov/par_bicgstab.cpp.o
[ 16%] Linking CXX shared library ../lib/libraptor.so
[ 26%] Built target raptor
[ 35%] Building CXX object raptor/util/tests/CMakeFiles/test_tap_spmv_aniso.dir/test_tap_spmv_aniso.cpp.o
[ 35%] Building CXX object raptor/core/tests/CMakeFiles/test_par_block_conversion.dir/test_par_block_conversion.cpp.o
[ 35%] Building CXX object raptor/ruge_stuben/tests/CMakeFiles/test_tap_splitting.dir/test_tap_splitting.cpp.o
[ 35%] Building CXX object raptor/util/tests/CMakeFiles/test_spmv_laplacian.dir/test_spmv_laplacian.cpp.o
[ 35%] Building CXX object raptor/util/tests/CMakeFiles/test_spmv_aniso.dir/test_spmv_aniso.cpp.o
[ 35%] Building CXX object raptor/util/tests/CMakeFiles/test_repartition.dir/test_repartition.cpp.o
[ 42%] Building CXX object raptor/core/tests/CMakeFiles/test_par_block_matrix.dir/test_par_block_matrix.cpp.o
[ 42%] Building CXX object raptor/ruge_stuben/tests/CMakeFiles/test_tap_rap.dir/test_tap_rap.cpp.o
[ 42%] Building CXX object raptor/core/tests/CMakeFiles/test_par_comm.dir/test_par_comm.cpp.o
[ 42%] Building CXX object raptor/core/tests/CMakeFiles/test_matrix.dir/test_matrix.cpp.o
[ 42%] Building CXX object raptor/ruge_stuben/tests/CMakeFiles/test_par_interpolation.dir/test_par_interpolation.cpp.o
[ 35%] Building CXX object raptor/core/tests/CMakeFiles/test_tap_comm.dir/test_tap_comm.cpp.o
[ 42%] Building CXX object raptor/ruge_stuben/tests/CMakeFiles/test_splitting.dir/test_splitting.cpp.o
[ 35%] Building CXX object raptor/util/tests/CMakeFiles/test_tap_spmv_random.dir/test_tap_spmv_random.cpp.o
[ 35%] Building CXX object raptor/ruge_stuben/tests/CMakeFiles/test_par_rap.dir/test_par_rap.cpp.o
[ 42%] Building CXX object raptor/util/tests/CMakeFiles/test_par_spmv_aniso.dir/test_par_spmv_aniso.cpp.o
[ 35%] Building CXX object raptor/util/tests/CMakeFiles/test_par_scale_aniso.dir/test_par_scale_aniso.cpp.o
[ 35%] Building CXX object raptor/core/tests/CMakeFiles/test_par_matrix.dir/test_par_matrix.cpp.o
[ 35%] Building CXX object raptor/ruge_stuben/tests/CMakeFiles/test_interpolation.dir/test_interpolation.cpp.o
[ 35%] Building CXX object raptor/util/tests/CMakeFiles/test_par_spmv_laplacian.dir/test_par_spmv_laplacian.cpp.o
[ 35%] Building CXX object raptor/tests/CMakeFiles/test_par_strength.dir/test_par_strength.cpp.o
[ 35%] Building CXX object raptor/core/tests/CMakeFiles/test_transpose.dir/test_transpose.cpp.o
[ 35%] Building CXX object raptor/ruge_stuben/tests/CMakeFiles/test_ruge_stuben.dir/test_ruge_stuben.cpp.o
[ 35%] Building CXX object raptor/util/tests/CMakeFiles/test_tap_spmv_laplacian.dir/test_tap_spmv_laplacian.cpp.o
[ 35%] Building CXX object raptor/tests/CMakeFiles/test_strength.dir/test_strength.cpp.o
[ 42%] Building CXX object raptor/ruge_stuben/tests/CMakeFiles/test_par_splitting.dir/test_par_splitting.cpp.o
[ 35%] Building CXX object raptor/util/tests/CMakeFiles/test_spmv_random.dir/test_spmv_random.cpp.o
[ 35%] Building CXX object raptor/core/tests/CMakeFiles/test_par_vector.dir/test_par_vector.cpp.o
[ 35%] Building CXX object raptor/ruge_stuben/tests/CMakeFiles/test_rap.dir/test_rap.cpp.o
[ 35%] Building CXX object raptor/util/tests/CMakeFiles/test_par_spmv_random.dir/test_par_spmv_random.cpp.o
[ 35%] Building CXX object raptor/util/tests/CMakeFiles/test_par_add.dir/test_par_add.cpp.o
[ 35%] Building CXX object raptor/core/tests/CMakeFiles/test_par_transpose.dir/test_par_transpose.cpp.o
[ 43%] Linking CXX executable test_strength
[ 43%] Linking CXX executable test_ruge_stuben
[ 43%] Linking CXX executable test_par_splitting
[ 43%] Linking CXX executable test_par_spmv_aniso
[ 43%] Linking CXX executable test_par_rap
[ 43%] Linking CXX executable test_par_comm
[ 44%] Linking CXX executable test_par_add
[ 44%] Built target test_par_rap
[ 46%] Linking CXX executable test_transpose
[ 46%] Built target test_par_splitting
[ 46%] Built target test_strength
[ 46%] Linking CXX executable test_par_matrix
[ 46%] Built target test_ruge_stuben
[ 46%] Built target test_par_spmv_aniso
[ 46%] Linking CXX executable test_rap
[ 46%] Linking CXX executable test_interpolation
[ 48%] Linking CXX executable test_tap_splitting
[ 48%] Building CXX object raptor/ruge_stuben/tests/CMakeFiles/test_tap_interpolation.dir/test_tap_interpolation.cpp.o
[ 48%] Linking CXX executable test_splitting
[ 48%] Linking CXX executable test_spmv_aniso
[ 48%] Built target test_par_comm
[ 51%] Linking CXX executable test_spmv_laplacian
[ 51%] Building CXX object raptor/aggregation/tests/CMakeFiles/test_aggregate.dir/test_aggregate.cpp.o
[ 51%] Building CXX object raptor/ruge_stuben/tests/CMakeFiles/test_par_ruge_stuben.dir/test_par_ruge_stuben.cpp.o
[ 51%] Building CXX object raptor/aggregation/tests/CMakeFiles/test_mis.dir/test_mis.cpp.o
[ 51%] Building CXX object raptor/ruge_stuben/tests/CMakeFiles/test_tap_ruge_stuben.dir/test_tap_ruge_stuben.cpp.o
[ 51%] Linking CXX executable test_matrix
[ 56%] Linking CXX executable test_par_spmv_laplacian
[ 56%] Linking CXX executable test_par_transpose
[ 56%] Linking CXX executable test_par_strength
[ 56%] Linking CXX executable test_par_interpolation
[ 56%] Linking CXX executable test_par_vector
[ 53%] Linking CXX executable test_spmv_random
[ 53%] Linking CXX executable test_par_spmv_random
[ 56%] Linking CXX executable test_par_block_conversion
[ 56%] Building CXX object raptor/aggregation/tests/CMakeFiles/test_candidates.dir/test_candidates.cpp.o
[ 56%] Linking CXX executable test_tap_comm
[ 56%] Built target test_par_matrix
[ 56%] Built target test_par_add
[ 56%] Built target test_transpose
[ 56%] Building CXX object raptor/aggregation/tests/CMakeFiles/test_prolongation.dir/test_prolongation.cpp.o
[ 56%] Built target test_rap
[ 57%] Building CXX object raptor/aggregation/tests/CMakeFiles/test_smoothed_aggregation.dir/test_smoothed_aggregation.cpp.o
[ 57%] Built target test_interpolation
[ 57%] Built target test_spmv_laplacian
[ 57%] Built target test_tap_splitting
[ 57%] Building CXX object raptor/aggregation/tests/CMakeFiles/test_par_mis.dir/test_par_mis.cpp.o
[ 57%] Built target test_splitting
[ 57%] Built target test_matrix
[ 57%] Built target test_spmv_aniso
[ 58%] Building CXX object raptor/aggregation/tests/CMakeFiles/test_tap_mis.dir/test_tap_mis.cpp.o
[ 58%] Linking CXX executable test_par_block_matrix
[ 58%] Built target test_spmv_random
[ 58%] Built target test_par_spmv_random
[ 58%] Built target test_par_interpolation
[ 58%] Built target test_par_transpose
[ 58%] Built target test_par_strength
[ 58%] Built target test_par_spmv_laplacian
[ 58%] Built target test_par_block_conversion
[ 59%] Building CXX object raptor/aggregation/tests/CMakeFiles/test_par_candidates.dir/test_par_candidates.cpp.o
[ 59%] Built target test_par_vector
[ 59%] Built target test_tap_comm
[ 59%] Building CXX object raptor/aggregation/tests/CMakeFiles/test_par_aggregate.dir/test_par_aggregate.cpp.o
[ 59%] Building CXX object raptor/aggregation/tests/CMakeFiles/test_tap_aggregate.dir/test_tap_aggregate.cpp.o
[ 59%] Building CXX object raptor/aggregation/tests/CMakeFiles/test_tap_candidates.dir/test_tap_candidates.cpp.o
[ 59%] Building CXX object raptor/aggregation/tests/CMakeFiles/test_par_prolongation.dir/test_par_prolongation.cpp.o
[ 59%] Linking CXX executable test_tap_rap
[ 60%] Building CXX object raptor/aggregation/tests/CMakeFiles/test_tap_prolongation.dir/test_tap_prolongation.cpp.o
[ 61%] Building CXX object raptor/multilevel/tests/CMakeFiles/test_amg.dir/test_amg.cpp.o
[ 61%] Building CXX object raptor/gallery/tests/CMakeFiles/test_laplacian.dir/test_laplacian.cpp.o
[ 61%] Building CXX object raptor/gallery/tests/CMakeFiles/test_stencil.dir/test_stencil.cpp.o
[ 62%] Building CXX object raptor/gallery/tests/CMakeFiles/test_aniso.dir/test_aniso.cpp.o
[ 62%] Building CXX object raptor/aggregation/tests/CMakeFiles/test_par_smoothed_aggregation.dir/test_par_smoothed_aggregation.cpp.o
[ 62%] Building CXX object raptor/multilevel/tests/CMakeFiles/test_par_amg.dir/test_par_amg.cpp.o
[ 63%] Linking CXX executable test_repartition
[ 63%] Building CXX object raptor/gallery/tests/CMakeFiles/test_matrix_market.dir/test_matrix_market.cpp.o
[ 63%] Building CXX object raptor/gallery/tests/CMakeFiles/test_par_aniso.dir/test_par_aniso.cpp.o
[ 63%] Building CXX object raptor/gallery/tests/CMakeFiles/test_par_laplacian.dir/test_par_laplacian.cpp.o
[ 65%] Linking CXX executable test_tap_spmv_random
[ 65%] Linking CXX executable test_tap_spmv_aniso
[ 66%] Linking CXX executable test_tap_spmv_laplacian
[ 66%] Built target test_par_block_matrix
[ 66%] Building CXX object raptor/gallery/tests/CMakeFiles/test_par_matrix_market.dir/test_par_matrix_market.cpp.o
[ 66%] Linking CXX executable test_par_scale_aniso
[ 66%] Built target test_tap_rap
[ 66%] Built target test_repartition
[ 66%] Built target test_tap_spmv_aniso
[ 66%] Built target test_tap_spmv_random
[ 67%] Building CXX object raptor/krylov/tests/CMakeFiles/test_cg.dir/test_cg.cpp.o
[ 67%] Building CXX object raptor/krylov/tests/CMakeFiles/test_bicgstab.dir/test_bicgstab.cpp.o
[ 67%] Built target test_tap_spmv_laplacian
[ 68%] Building CXX object raptor/krylov/tests/CMakeFiles/test_par_cg.dir/test_par_cg.cpp.o
[ 68%] Building CXX object raptor/krylov/tests/CMakeFiles/test_par_bicgstab.dir/test_par_bicgstab.cpp.o
[ 68%] Linking CXX executable benchmark_spmv
[ 68%] Built target test_par_scale_aniso
[ 68%] Building CXX object examples/CMakeFiles/example.dir/example.cpp.o
[ 69%] Built target benchmark_spmv
[ 70%] Building CXX object examples/CMakeFiles/matop_example.dir/matop_example.cpp.o
[ 70%] Linking CXX executable test_smoothed_aggregation
[ 70%] Linking CXX executable test_tap_interpolation
[ 70%] Linking CXX executable test_matrix_market
[ 71%] Linking CXX executable test_mis
[ 72%] Linking CXX executable test_aggregate
[ 72%] Linking CXX executable test_candidates
[ 73%] Linking CXX executable test_par_mis
[ 73%] Linking CXX executable test_prolongation
[ 73%] Built target test_smoothed_aggregation
[ 73%] Linking CXX executable test_laplacian
[ 73%] Built target test_matrix_market
[ 73%] Built target test_tap_interpolation
[ 74%] Building CXX object examples/CMakeFiles/coo_example.dir/coo_example.cpp.o
[ 74%] Building CXX object examples/CMakeFiles/benchmark_setup.dir/benchmark_setup.cpp.o
[ 75%] Linking CXX executable test_par_aggregate
[ 75%] Building CXX object examples/CMakeFiles/csr_example.dir/csr_example.cpp.o
[ 75%] Built target test_mis
[ 77%] Linking CXX executable test_aniso
[ 77%] Linking CXX executable test_tap_ruge_stuben
[ 78%] Linking CXX executable test_par_smoothed_aggregation
[ 78%] Linking CXX executable test_par_ruge_stuben
[ 78%] Built target test_candidates
[ 78%] Linking CXX executable test_stencil
[ 79%] Built target test_prolongation
[ 79%] Built target test_aggregate
[ 79%] Linking CXX executable test_par_prolongation
[ 79%] Linking CXX executable test_tap_prolongation
[ 80%] Linking CXX executable test_par_candidates
[ 80%] Linking CXX executable test_par_aniso
[ 80%] Linking CXX executable matop_example
[ 81%] Building CXX object examples/CMakeFiles/benchmark_solve.dir/benchmark_solve.cpp.o
[ 82%] Linking CXX executable test_par_laplacian
[ 82%] Built target test_par_mis
[ 82%] Building CXX object examples/CMakeFiles/benchmark_tap_spgemm.dir/benchmark_tap_spgemm.cpp.o
[ 82%] Built target test_laplacian
[ 83%] Building CXX object examples/CMakeFiles/benchmark_tap_spmv.dir/benchmark_tap_spmv.cpp.o
[ 83%] Building CXX object examples/CMakeFiles/benchmark_reader.dir/benchmark_reader.cpp.o
[ 83%] Building CXX object examples/CMakeFiles/profile_tap_spgemm.dir/profile_tap_spgemm.cpp.o
[ 83%] Building CXX object examples/CMakeFiles/benchmark_amg.dir/benchmark_amg.cpp.o
[ 84%] Linking CXX executable test_amg
[ 84%] Built target test_par_aggregate
[ 84%] Built target matop_example
[ 84%] Built target test_aniso
[ 84%] Built target test_par_prolongation
[ 84%] Built target test_tap_prolongation
[ 85%] Linking CXX executable test_par_matrix_market
[ 85%] Built target test_stencil
[ 85%] Built target test_tap_ruge_stuben
[ 86%] Built target test_par_aniso
[ 86%] Linking CXX executable test_bicgstab
[ 86%] Built target test_par_smoothed_aggregation
[ 86%] Built target test_par_ruge_stuben
[ 86%] Built target test_par_laplacian
[ 86%] Built target test_par_candidates
[ 87%] Building CXX object examples/CMakeFiles/benchmark_setup_sweeps.dir/benchmark_setup_sweeps.cpp.o
[ 87%] Building CXX object examples/CMakeFiles/profile_tap_rss.dir/profile_tap_rss.cpp.o
[ 87%] Building CXX object examples/CMakeFiles/profile_tap_sas.dir/profile_tap_sas.cpp.o
[ 87%] Linking CXX executable test_tap_mis
[ 89%] Linking CXX executable test_par_amg
[ 89%] Linking CXX executable test_par_bicgstab
[ 89%] Building CXX object examples/CMakeFiles/model_tap_steps.dir/model_tap_steps.cpp.o
[ 89%] Building CXX object examples/CMakeFiles/profile_tap_steps.dir/profile_tap_steps.cpp.o
[ 89%] Building CXX object examples/CMakeFiles/profile_tap_amg.dir/profile_tap_amg.cpp.o
[ 89%] Linking CXX executable test_cg
[ 89%] Linking CXX executable test_par_cg
[ 89%] Built target test_amg
[ 90%] Linking CXX executable test_tap_aggregate
[ 90%] Built target test_par_matrix_market
[ 90%] Linking CXX executable test_tap_candidates
[ 90%] Built target test_bicgstab
[ 90%] Built target test_par_bicgstab
[ 90%] Built target test_tap_mis
[ 90%] Built target test_par_amg
[ 90%] Built target test_cg
[ 91%] Linking CXX executable example
[ 91%] Built target test_par_cg
[ 91%] Built target test_tap_aggregate
[ 91%] Built target test_tap_candidates
[ 91%] Built target example
[ 93%] Linking CXX executable csr_example
[ 93%] Linking CXX executable coo_example
[ 93%] Built target csr_example
[ 93%] Built target coo_example
[ 94%] Linking CXX executable benchmark_reader
[ 94%] Linking CXX executable benchmark_tap_spmv
[ 94%] Linking CXX executable benchmark_setup
[ 95%] Linking CXX executable benchmark_solve
[ 95%] Linking CXX executable benchmark_tap_spgemm
[ 96%] Linking CXX executable profile_tap_spgemm
[ 96%] Built target benchmark_reader
[ 96%] Built target benchmark_tap_spmv
[ 96%] Linking CXX executable model_tap_steps
[ 97%] Linking CXX executable profile_tap_sas
[ 97%] Linking CXX executable benchmark_amg
[ 97%] Built target benchmark_setup
[ 98%] Linking CXX executable profile_tap_rss
[ 98%] Linking CXX executable benchmark_setup_sweeps
[ 98%] Built target benchmark_solve
[ 99%] Linking CXX executable profile_tap_steps
[100%] Linking CXX executable profile_tap_amg
[100%] Built target benchmark_tap_spgemm
[100%] Built target profile_tap_spgemm
[100%] Built target model_tap_steps
[100%] Built target profile_tap_sas
[100%] Built target benchmark_amg
[100%] Built target profile_tap_rss
[100%] Built target profile_tap_steps
[100%] Built target benchmark_setup_sweeps
[100%] Built target profile_tap_amg
  argv[1] = 1e-5
  argv[2] = 1e-5
  argv[3] = 1
  argv[1] = 1e-5
  argv[2] = 1e-5
  argv[3] = 1
N is>>>>>200
N is>>>>>200
Level	NumRows	NNZ
-----	-------	---
0	40000	357604
1	24152	357004
2	14062	343630
3	6686	216268
4	3198	116240
5	1509	56393
6	683	24573
7	297	9643
8	124	3194
9	53	951
10	20	196
cr:15.2381,iter:0,level:0,rank:0,datasize:200,operation:
cr:15.2381,iter:0,level:0,rank:0,datasize:200,operation:Pre-Smoothing
cr:0.981595,iter:0,level:0,rank:0,datasize:200,operation:Residual
cr:19.1238,iter:0,level:1,rank:0,datasize:251,operation:Pre-Smoothing
cr:0.996526,iter:0,level:1,rank:0,datasize:251,operation:Residual
cr:23.534,iter:0,level:2,rank:0,datasize:303,operation:Pre-Smoothing
cr:1.00248,iter:0,level:2,rank:0,datasize:303,operation:Residual
cr:27.4175,iter:0,level:3,rank:0,datasize:353,operation:Pre-Smoothing
cr:1.00965,iter:0,level:3,rank:0,datasize:353,operation:Residual
cr:22.1359,iter:0,level:4,rank:0,datasize:285,operation:Pre-Smoothing
cr:0.999124,iter:0,level:4,rank:0,datasize:285,operation:Residual
cr:17.4476,iter:0,level:5,rank:0,datasize:229,operation:Pre-Smoothing
cr:0.99027,iter:0,level:5,rank:0,datasize:229,operation:Residual
cr:12.5818,iter:0,level:6,rank:0,datasize:173,operation:Pre-Smoothing
cr:0.976023,iter:0,level:6,rank:0,datasize:173,operation:Residual
cr:9.09091,iter:0,level:7,rank:0,datasize:125,operation:Pre-Smoothing
cr:1.01317,iter:0,level:7,rank:0,datasize:125,operation:Residual
cr:4.07273,iter:0,level:8,rank:0,datasize:56,operation:Pre-Smoothing
cr:0.885375,iter:0,level:8,rank:0,datasize:56,operation:Residual
cr:2.54545,iter:0,level:9,rank:0,datasize:21,operation:Pre-Smoothing
cr:0.746667,iter:0,level:9,rank:0,datasize:21,operation:Residual
cr:0.495575,iter:0,level:10,rank:0,datasize:7,operation:Interpolation
cr:0.746667,iter:0,level:10,rank:0,datasize:21,operation:Post-smoothing
cr:0.677966,iter:0,level:10,rank:0,datasize:15,operation:Interpolation
cr:0.885375,iter:0,level:10,rank:0,datasize:56,operation:Post-smoothing
cr:0.691892,iter:0,level:10,rank:0,datasize:16,operation:Interpolation
cr:1.00908,iter:0,level:10,rank:0,datasize:125,operation:Post-smoothing
cr:0.797153,iter:0,level:10,rank:0,datasize:28,operation:Interpolation
cr:0.994968,iter:0,level:10,rank:0,datasize:173,operation:Post-smoothing
cr:0.819876,iter:0,level:10,rank:0,datasize:33,operation:Interpolation
cr:1.01665,iter:0,level:10,rank:0,datasize:229,operation:Post-smoothing
cr:0.858537,iter:0,level:10,rank:0,datasize:44,operation:Interpolation
cr:1.02288,iter:0,level:10,rank:0,datasize:285,operation:Post-smoothing
cr:0.895307,iter:0,level:10,rank:0,datasize:62,operation:Interpolation
cr:1.03216,iter:0,level:10,rank:0,datasize:353,operation:Post-smoothing
cr:0.928121,iter:0,level:10,rank:0,datasize:92,operation:Interpolation
cr:1.02192,iter:0,level:10,rank:0,datasize:303,operation:Post-smoothing
cr:0.953036,iter:0,level:10,rank:0,datasize:104,operation:Interpolation
cr:1.01465,iter:0,level:10,rank:0,datasize:251,operation:Post-smoothing
cr:0.922252,iter:0,level:10,rank:0,datasize:86,operation:Interpolation
cr:0.991326,iter:0,level:10,rank:0,datasize:200,operation:Post-smoothing
cr:0.990099,iter:0,level:10,rank:0,datasize:200,operation:Residual-Norm
cr:0.990099,iter:1,level:0,rank:0,datasize:200,operation:Pre-Smoothing
cr:0.992556,iter:1,level:0,rank:0,datasize:200,operation:Residual
cr:19.1238,iter:1,level:1,rank:0,datasize:251,operation:Pre-Smoothing
cr:0.996526,iter:1,level:1,rank:0,datasize:251,operation:Residual
cr:23.534,iter:1,level:2,rank:0,datasize:303,operation:Pre-Smoothing
cr:1.00207,iter:1,level:2,rank:0,datasize:303,operation:Residual
cr:27.4175,iter:1,level:3,rank:0,datasize:353,operation:Pre-Smoothing
cr:1.00641,iter:1,level:3,rank:0,datasize:353,operation:Residual
cr:22.1359,iter:1,level:4,rank:0,datasize:285,operation:Pre-Smoothing
cr:0.996939,iter:1,level:4,rank:0,datasize:285,operation:Residual
cr:17.4476,iter:1,level:5,rank:0,datasize:229,operation:Pre-Smoothing
cr:0.989201,iter:1,level:5,rank:0,datasize:229,operation:Residual
cr:12.5818,iter:1,level:6,rank:0,datasize:173,operation:Pre-Smoothing
cr:0.959778,iter:1,level:6,rank:0,datasize:173,operation:Residual
cr:9.09091,iter:1,level:7,rank:0,datasize:125,operation:Pre-Smoothing
cr:1.05263,iter:1,level:7,rank:0,datasize:125,operation:Residual
cr:4.07273,iter:1,level:8,rank:0,datasize:56,operation:Pre-Smoothing
cr:0.885375,iter:1,level:8,rank:0,datasize:56,operation:Residual
cr:2.54545,iter:1,level:9,rank:0,datasize:21,operation:Pre-Smoothing
cr:0.746667,iter:1,level:9,rank:0,datasize:21,operation:Residual
cr:0.495575,iter:1,level:10,rank:0,datasize:7,operation:Interpolation
cr:0.746667,iter:1,level:10,rank:0,datasize:21,operation:Post-smoothing
cr:0.677966,iter:1,level:10,rank:0,datasize:15,operation:Interpolation
cr:0.885375,iter:1,level:10,rank:0,datasize:56,operation:Post-smoothing
cr:0.691892,iter:1,level:10,rank:0,datasize:16,operation:Interpolation
cr:1.02775,iter:1,level:10,rank:0,datasize:125,operation:Post-smoothing
cr:0.797153,iter:1,level:10,rank:0,datasize:28,operation:Interpolation
cr:0.992115,iter:1,level:10,rank:0,datasize:173,operation:Post-smoothing
cr:0.819876,iter:1,level:10,rank:0,datasize:33,operation:Interpolation
cr:1.00992,iter:1,level:10,rank:0,datasize:229,operation:Post-smoothing
cr:0.858537,iter:1,level:10,rank:0,datasize:44,operation:Interpolation
cr:1.01378,iter:1,level:10,rank:0,datasize:285,operation:Post-smoothing
cr:0.895307,iter:1,level:10,rank:0,datasize:62,operation:Interpolation
cr:1.02728,iter:1,level:10,rank:0,datasize:353,operation:Post-smoothing
cr:0.938776,iter:1,level:10,rank:0,datasize:92,operation:Interpolation
cr:1.01508,iter:1,level:10,rank:0,datasize:303,operation:Post-smoothing
cr:0.989298,iter:1,level:10,rank:0,datasize:104,operation:Interpolation
cr:1.00652,iter:1,level:10,rank:0,datasize:251,operation:Post-smoothing
cr:0.922252,iter:1,level:10,rank:0,datasize:86,operation:Interpolation
cr:0.992556,iter:1,level:10,rank:0,datasize:200,operation:Post-smoothing
cr:0.995025,iter:1,level:10,rank:0,datasize:200,operation:Residual-Norm
cr:0.995025,iter:2,level:0,rank:0,datasize:200,operation:Pre-Smoothing
cr:0.995644,iter:2,level:0,rank:0,datasize:200,operation:Residual
cr:19.1238,iter:2,level:1,rank:0,datasize:251,operation:Pre-Smoothing
cr:0.996526,iter:2,level:1,rank:0,datasize:251,operation:Residual
cr:23.534,iter:2,level:2,rank:0,datasize:303,operation:Pre-Smoothing
cr:1.05898,iter:2,level:2,rank:0,datasize:303,operation:Residual
cr:27.4175,iter:2,level:3,rank:0,datasize:353,operation:Pre-Smoothing
cr:1.01876,iter:2,level:3,rank:0,datasize:353,operation:Residual
cr:22.1359,iter:2,level:4,rank:0,datasize:285,operation:Pre-Smoothing
cr:1.01109,iter:2,level:4,rank:0,datasize:285,operation:Residual
cr:17.4476,iter:2,level:5,rank:0,datasize:229,operation:Pre-Smoothing
cr:0.989735,iter:2,level:5,rank:0,datasize:229,operation:Residual
cr:12.5818,iter:2,level:6,rank:0,datasize:173,operation:Pre-Smoothing
cr:0.971228,iter:2,level:6,rank:0,datasize:173,operation:Residual
cr:9.09091,iter:2,level:7,rank:0,datasize:125,operation:Pre-Smoothing
cr:1.09409,iter:2,level:7,rank:0,datasize:125,operation:Residual
cr:4.07273,iter:2,level:8,rank:0,datasize:56,operation:Pre-Smoothing
cr:0.885375,iter:2,level:8,rank:0,datasize:56,operation:Residual
cr:2.54545,iter:2,level:9,rank:0,datasize:21,operation:Pre-Smoothing
cr:0.746667,iter:2,level:9,rank:0,datasize:21,operation:Residual
cr:0.495575,iter:2,level:10,rank:0,datasize:7,operation:Interpolation
cr:0.746667,iter:2,level:10,rank:0,datasize:21,operation:Post-smoothing
cr:0.677966,iter:2,level:10,rank:0,datasize:15,operation:Interpolation
cr:0.885375,iter:2,level:10,rank:0,datasize:56,operation:Post-smoothing
cr:0.691892,iter:2,level:10,rank:0,datasize:16,operation:Interpolation
cr:1.04384,iter:2,level:10,rank:0,datasize:125,operation:Post-smoothing
cr:0.797153,iter:2,level:10,rank:0,datasize:28,operation:Interpolation
cr:0.98156,iter:2,level:10,rank:0,datasize:173,operation:Post-smoothing
cr:0.819876,iter:2,level:10,rank:0,datasize:33,operation:Interpolation
cr:0.994031,iter:2,level:10,rank:0,datasize:229,operation:Post-smoothing
cr:0.858537,iter:2,level:10,rank:0,datasize:44,operation:Interpolation
cr:1.00176,iter:2,level:10,rank:0,datasize:285,operation:Post-smoothing
cr:0.895307,iter:2,level:10,rank:0,datasize:62,operation:Interpolation
cr:1.01001,iter:2,level:10,rank:0,datasize:353,operation:Post-smoothing
cr:0.963351,iter:2,level:10,rank:0,datasize:92,operation:Interpolation
cr:1.00207,iter:2,level:10,rank:0,datasize:303,operation:Post-smoothing
cr:0.979976,iter:2,level:10,rank:0,datasize:104,operation:Interpolation
cr:0.996032,iter:2,level:10,rank:0,datasize:251,operation:Post-smoothing
cr:0.925976,iter:2,level:10,rank:0,datasize:86,operation:Interpolation
cr:0.993789,iter:2,level:10,rank:0,datasize:200,operation:Post-smoothing
cr:0.996264,iter:2,level:10,rank:0,datasize:200,operation:Residual-Norm
cr:0.996264,iter:3,level:0,rank:0,datasize:200,operation:Pre-Smoothing
cr:0.995644,iter:3,level:0,rank:0,datasize:200,operation:Residual
cr:19.1238,iter:3,level:1,rank:0,datasize:251,operation:Pre-Smoothing
cr:1.09667,iter:3,level:1,rank:0,datasize:251,operation:Residual
cr:23.534,iter:3,level:2,rank:0,datasize:303,operation:Pre-Smoothing
cr:1.11295,iter:3,level:2,rank:0,datasize:303,operation:Residual
cr:27.4175,iter:3,level:3,rank:0,datasize:353,operation:Pre-Smoothing
cr:1.17912,iter:3,level:3,rank:0,datasize:353,operation:Residual
cr:22.1359,iter:3,level:4,rank:0,datasize:285,operation:Pre-Smoothing
cr:1.08159,iter:3,level:4,rank:0,datasize:285,operation:Residual
cr:17.4476,iter:3,level:5,rank:0,datasize:229,operation:Pre-Smoothing
cr:1.09373,iter:3,level:5,rank:0,datasize:229,operation:Residual
cr:12.5818,iter:3,level:6,rank:0,datasize:173,operation:Pre-Smoothing
cr:0.994253,iter:3,level:6,rank:0,datasize:173,operation:Residual
cr:9.09091,iter:3,level:7,rank:0,datasize:125,operation:Pre-Smoothing
cr:1.11732,iter:3,level:7,rank:0,datasize:125,operation:Residual
cr:4.07273,iter:3,level:8,rank:0,datasize:56,operation:Pre-Smoothing
cr:0.885375,iter:3,level:8,rank:0,datasize:56,operation:Residual
cr:2.54545,iter:3,level:9,rank:0,datasize:21,operation:Pre-Smoothing
cr:0.746667,iter:3,level:9,rank:0,datasize:21,operation:Residual
cr:0.495575,iter:3,level:10,rank:0,datasize:7,operation:Interpolation
cr:0.746667,iter:3,level:10,rank:0,datasize:21,operation:Post-smoothing
cr:0.677966,iter:3,level:10,rank:0,datasize:15,operation:Interpolation
cr:0.885375,iter:3,level:10,rank:0,datasize:56,operation:Post-smoothing
cr:0.691892,iter:3,level:10,rank:0,datasize:16,operation:Interpolation
cr:1.04603,iter:3,level:10,rank:0,datasize:125,operation:Post-smoothing
cr:0.797153,iter:3,level:10,rank:0,datasize:28,operation:Interpolation
cr:0.959778,iter:3,level:10,rank:0,datasize:173,operation:Post-smoothing
cr:0.819876,iter:3,level:10,rank:0,datasize:33,operation:Interpolation
cr:0.987601,iter:3,level:10,rank:0,datasize:229,operation:Post-smoothing
cr:0.858537,iter:3,level:10,rank:0,datasize:44,operation:Interpolation
cr:0.999124,iter:3,level:10,rank:0,datasize:285,operation:Post-smoothing
cr:0.895307,iter:3,level:10,rank:0,datasize:62,operation:Interpolation
cr:1.00641,iter:3,level:10,rank:0,datasize:353,operation:Post-smoothing
cr:0.964613,iter:3,level:10,rank:0,datasize:92,operation:Interpolation
cr:1.00124,iter:3,level:10,rank:0,datasize:303,operation:Post-smoothing
cr:0.997602,iter:3,level:10,rank:0,datasize:104,operation:Interpolation
cr:0.997516,iter:3,level:10,rank:0,datasize:251,operation:Post-smoothing
cr:0.952909,iter:3,level:10,rank:0,datasize:86,operation:Interpolation
cr:0.998752,iter:3,level:10,rank:0,datasize:200,operation:Post-smoothing
cr:0.995644,iter:3,level:10,rank:0,datasize:200,operation:Residual-Norm
cr:0.995644,iter:4,level:0,rank:0,datasize:200,operation:Pre-Smoothing
cr:0.997506,iter:4,level:0,rank:0,datasize:200,operation:Residual
cr:19.1238,iter:4,level:1,rank:0,datasize:251,operation:Pre-Smoothing
cr:1.30559,iter:4,level:1,rank:0,datasize:251,operation:Residual
cr:23.534,iter:4,level:2,rank:0,datasize:303,operation:Pre-Smoothing
cr:1.45936,iter:4,level:2,rank:0,datasize:303,operation:Residual
cr:27.4175,iter:4,level:3,rank:0,datasize:353,operation:Pre-Smoothing
cr:1.37958,iter:4,level:3,rank:0,datasize:353,operation:Residual
cr:22.1359,iter:4,level:4,rank:0,datasize:285,operation:Pre-Smoothing
cr:1.33489,iter:4,level:4,rank:0,datasize:285,operation:Residual
cr:17.4476,iter:4,level:5,rank:0,datasize:229,operation:Pre-Smoothing
cr:1.10162,iter:4,level:5,rank:0,datasize:229,operation:Residual
cr:12.5818,iter:4,level:6,rank:0,datasize:173,operation:Pre-Smoothing
cr:1.03748,iter:4,level:6,rank:0,datasize:173,operation:Residual
cr:9.09091,iter:4,level:7,rank:0,datasize:125,operation:Pre-Smoothing
cr:1.16822,iter:4,level:7,rank:0,datasize:125,operation:Residual
cr:4.07273,iter:4,level:8,rank:0,datasize:56,operation:Pre-Smoothing
cr:0.921811,iter:4,level:8,rank:0,datasize:56,operation:Residual
cr:2.54545,iter:4,level:9,rank:0,datasize:21,operation:Pre-Smoothing
cr:0.746667,iter:4,level:9,rank:0,datasize:21,operation:Residual
cr:0.495575,iter:4,level:10,rank:0,datasize:7,operation:Interpolation
cr:0.746667,iter:4,level:10,rank:0,datasize:21,operation:Post-smoothing
cr:0.677966,iter:4,level:10,rank:0,datasize:15,operation:Interpolation
cr:0.885375,iter:4,level:10,rank:0,datasize:56,operation:Post-smoothing
cr:0.691892,iter:4,level:10,rank:0,datasize:16,operation:Interpolation
cr:1.0917,iter:4,level:10,rank:0,datasize:125,operation:Post-smoothing
cr:0.797153,iter:4,level:10,rank:0,datasize:28,operation:Interpolation
cr:0.959778,iter:4,level:10,rank:0,datasize:173,operation:Post-smoothing
cr:0.819876,iter:4,level:10,rank:0,datasize:33,operation:Interpolation
cr:0.990806,iter:4,level:10,rank:0,datasize:229,operation:Post-smoothing
cr:0.858537,iter:4,level:10,rank:0,datasize:44,operation:Interpolation
cr:1.00974,iter:4,level:10,rank:0,datasize:285,operation:Post-smoothing
cr:0.895307,iter:4,level:10,rank:0,datasize:62,operation:Interpolation
cr:1.00641,iter:4,level:10,rank:0,datasize:353,operation:Post-smoothing
cr:0.976127,iter:4,level:10,rank:0,datasize:92,operation:Interpolation
cr:1.00124,iter:4,level:10,rank:0,datasize:303,operation:Post-smoothing
cr:1.00605,iter:4,level:10,rank:0,datasize:104,operation:Interpolation
cr:0.996526,iter:4,level:10,rank:0,datasize:251,operation:Post-smoothing
cr:0.959554,iter:4,level:10,rank:0,datasize:86,operation:Interpolation
cr:0.998129,iter:4,level:10,rank:0,datasize:200,operation:Post-smoothing
cr:0.996885,iter:4,level:10,rank:0,datasize:200,operation:Residual-Norm
cr:0.996885,iter:5,level:0,rank:0,datasize:200,operation:Pre-Smoothing
cr:0.996264,iter:5,level:0,rank:0,datasize:200,operation:Residual
cr:19.1238,iter:5,level:1,rank:0,datasize:251,operation:Pre-Smoothing
cr:1.60383,iter:5,level:1,rank:0,datasize:251,operation:Residual
cr:23.534,iter:5,level:2,rank:0,datasize:303,operation:Pre-Smoothing
cr:2.20765,iter:5,level:2,rank:0,datasize:303,operation:Residual
cr:27.4175,iter:5,level:3,rank:0,datasize:353,operation:Pre-Smoothing
cr:1.73358,iter:5,level:3,rank:0,datasize:353,operation:Residual
cr:22.1359,iter:5,level:4,rank:0,datasize:285,operation:Pre-Smoothing
cr:1.39279,iter:5,level:4,rank:0,datasize:285,operation:Residual
cr:17.4476,iter:5,level:5,rank:0,datasize:229,operation:Pre-Smoothing
cr:1.25394,iter:5,level:5,rank:0,datasize:229,operation:Residual
cr:12.5818,iter:5,level:6,rank:0,datasize:173,operation:Pre-Smoothing
cr:1.12338,iter:5,level:6,rank:0,datasize:173,operation:Residual
cr:9.09091,iter:5,level:7,rank:0,datasize:125,operation:Pre-Smoothing
cr:1.1919,iter:5,level:7,rank:0,datasize:125,operation:Residual
cr:4.07273,iter:5,level:8,rank:0,datasize:56,operation:Pre-Smoothing
cr:0.916155,iter:5,level:8,rank:0,datasize:56,operation:Residual
cr:2.54545,iter:5,level:9,rank:0,datasize:21,operation:Pre-Smoothing
cr:0.746667,iter:5,level:9,rank:0,datasize:21,operation:Residual
cr:0.495575,iter:5,level:10,rank:0,datasize:7,operation:Interpolation
cr:0.746667,iter:5,level:10,rank:0,datasize:21,operation:Post-smoothing
cr:0.677966,iter:5,level:10,rank:0,datasize:15,operation:Interpolation
cr:0.885375,iter:5,level:10,rank:0,datasize:56,operation:Post-smoothing
cr:0.691892,iter:5,level:10,rank:0,datasize:16,operation:Interpolation
cr:1.13379,iter:5,level:10,rank:0,datasize:125,operation:Post-smoothing
cr:0.797153,iter:5,level:10,rank:0,datasize:28,operation:Interpolation
cr:1.01915,iter:5,level:10,rank:0,datasize:173,operation:Post-smoothing
cr:0.819876,iter:5,level:10,rank:0,datasize:33,operation:Interpolation
cr:0.986537,iter:5,level:10,rank:0,datasize:229,operation:Post-smoothing
cr:0.858537,iter:5,level:10,rank:0,datasize:44,operation:Interpolation
cr:1.0084,iter:5,level:10,rank:0,datasize:285,operation:Post-smoothing
cr:0.895307,iter:5,level:10,rank:0,datasize:62,operation:Interpolation
cr:1.02728,iter:5,level:10,rank:0,datasize:353,operation:Post-smoothing
cr:0.99594,iter:5,level:10,rank:0,datasize:92,operation:Interpolation
cr:1.02799,iter:5,level:10,rank:0,datasize:303,operation:Post-smoothing
cr:1.00605,iter:5,level:10,rank:0,datasize:104,operation:Interpolation
cr:1.03559,iter:5,level:10,rank:0,datasize:251,operation:Post-smoothing
cr:0.958217,iter:5,level:10,rank:0,datasize:86,operation:Interpolation
cr:0.998752,iter:5,level:10,rank:0,datasize:200,operation:Post-smoothing
cr:0.998752,iter:5,level:10,rank:0,datasize:200,operation:Residual-Norm
cr:0.998752,iter:6,level:0,rank:0,datasize:200,operation:Pre-Smoothing
cr:0.995025,iter:6,level:0,rank:0,datasize:200,operation:Residual
cr:19.1238,iter:6,level:1,rank:0,datasize:251,operation:Pre-Smoothing
cr:2.64908,iter:6,level:1,rank:0,datasize:251,operation:Residual
cr:23.534,iter:6,level:2,rank:0,datasize:303,operation:Pre-Smoothing
cr:2.29112,iter:6,level:2,rank:0,datasize:303,operation:Residual
cr:27.4175,iter:6,level:3,rank:0,datasize:353,operation:Pre-Smoothing
cr:1.95433,iter:6,level:3,rank:0,datasize:353,operation:Residual
cr:22.1359,iter:6,level:4,rank:0,datasize:285,operation:Pre-Smoothing
cr:1.63207,iter:6,level:4,rank:0,datasize:285,operation:Residual
cr:17.4476,iter:6,level:5,rank:0,datasize:229,operation:Pre-Smoothing
cr:1.32084,iter:6,level:5,rank:0,datasize:229,operation:Residual
cr:12.5818,iter:6,level:6,rank:0,datasize:173,operation:Pre-Smoothing
cr:1.16793,iter:6,level:6,rank:0,datasize:173,operation:Residual
cr:9.09091,iter:6,level:7,rank:0,datasize:125,operation:Pre-Smoothing
cr:1.29366,iter:6,level:7,rank:0,datasize:125,operation:Residual
cr:4.07273,iter:6,level:8,rank:0,datasize:56,operation:Pre-Smoothing
cr:0.993348,iter:6,level:8,rank:0,datasize:56,operation:Residual
cr:2.54545,iter:6,level:9,rank:0,datasize:21,operation:Pre-Smoothing
cr:0.746667,iter:6,level:9,rank:0,datasize:21,operation:Residual
cr:0.495575,iter:6,level:10,rank:0,datasize:7,operation:Interpolation
cr:0.746667,iter:6,level:10,rank:0,datasize:21,operation:Post-smoothing
cr:0.677966,iter:6,level:10,rank:0,datasize:15,operation:Interpolation
cr:0.906883,iter:6,level:10,rank:0,datasize:56,operation:Post-smoothing
cr:0.691892,iter:6,level:10,rank:0,datasize:16,operation:Interpolation
cr:1.13895,iter:6,level:10,rank:0,datasize:125,operation:Post-smoothing
cr:0.797153,iter:6,level:10,rank:0,datasize:28,operation:Interpolation
cr:0.973277,iter:6,level:10,rank:0,datasize:173,operation:Post-smoothing
cr:0.819876,iter:6,level:10,rank:0,datasize:33,operation:Interpolation
cr:0.993492,iter:6,level:10,rank:0,datasize:229,operation:Post-smoothing
cr:0.858537,iter:6,level:10,rank:0,datasize:44,operation:Interpolation
cr:1.03495,iter:6,level:10,rank:0,datasize:285,operation:Post-smoothing
cr:0.896926,iter:6,level:10,rank:0,datasize:62,operation:Interpolation
cr:1.07132,iter:6,level:10,rank:0,datasize:353,operation:Post-smoothing
cr:1,iter:6,level:10,rank:0,datasize:92,operation:Interpolation
cr:1.09091,iter:6,level:10,rank:0,datasize:303,operation:Post-smoothing
cr:1.07079,iter:6,level:10,rank:0,datasize:104,operation:Interpolation
cr:1.08776,iter:6,level:10,rank:0,datasize:251,operation:Post-smoothing
cr:0.985673,iter:6,level:10,rank:0,datasize:86,operation:Interpolation
cr:0.997506,iter:6,level:10,rank:0,datasize:200,operation:Post-smoothing
cr:0.997506,iter:6,level:10,rank:0,datasize:200,operation:Residual-Norm
cr:0.997506,iter:7,level:0,rank:0,datasize:200,operation:Pre-Smoothing
cr:0.998752,iter:7,level:0,rank:0,datasize:200,operation:Residual
cr:19.1238,iter:7,level:1,rank:0,datasize:251,operation:Pre-Smoothing
cr:3.23349,iter:7,level:1,rank:0,datasize:251,operation:Residual
cr:23.534,iter:7,level:2,rank:0,datasize:303,operation:Pre-Smoothing
cr:3.34807,iter:7,level:2,rank:0,datasize:303,operation:Residual
cr:27.4175,iter:7,level:3,rank:0,datasize:353,operation:Pre-Smoothing
cr:2.78227,iter:7,level:3,rank:0,datasize:353,operation:Residual
cr:22.1359,iter:7,level:4,rank:0,datasize:285,operation:Pre-Smoothing
cr:2.41015,iter:7,level:4,rank:0,datasize:285,operation:Residual
cr:17.4476,iter:7,level:5,rank:0,datasize:229,operation:Pre-Smoothing
cr:1.91032,iter:7,level:5,rank:0,datasize:229,operation:Residual
cr:12.5818,iter:7,level:6,rank:0,datasize:173,operation:Pre-Smoothing
cr:1.48021,iter:7,level:6,rank:0,datasize:173,operation:Residual
cr:9.09091,iter:7,level:7,rank:0,datasize:125,operation:Pre-Smoothing
cr:1.38889,iter:7,level:7,rank:0,datasize:125,operation:Residual
cr:4.07273,iter:7,level:8,rank:0,datasize:56,operation:Pre-Smoothing
cr:1.03226,iter:7,level:8,rank:0,datasize:56,operation:Residual
cr:2.54545,iter:7,level:9,rank:0,datasize:21,operation:Pre-Smoothing
cr:0.746667,iter:7,level:9,rank:0,datasize:21,operation:Residual
cr:0.495575,iter:7,level:10,rank:0,datasize:7,operation:Interpolation
cr:0.746667,iter:7,level:10,rank:0,datasize:21,operation:Post-smoothing
cr:0.677966,iter:7,level:10,rank:0,datasize:15,operation:Interpolation
cr:0.980306,iter:7,level:10,rank:0,datasize:56,operation:Post-smoothing
cr:0.691892,iter:7,level:10,rank:0,datasize:16,operation:Interpolation
cr:1.1976,iter:7,level:10,rank:0,datasize:125,operation:Post-smoothing
cr:0.797153,iter:7,level:10,rank:0,datasize:28,operation:Interpolation
cr:0.994253,iter:7,level:10,rank:0,datasize:173,operation:Post-smoothing
cr:0.819876,iter:7,level:10,rank:0,datasize:33,operation:Interpolation
cr:1.03914,iter:7,level:10,rank:0,datasize:229,operation:Post-smoothing
cr:0.858537,iter:7,level:10,rank:0,datasize:44,operation:Interpolation
cr:1.05997,iter:7,level:10,rank:0,datasize:285,operation:Post-smoothing
cr:0.895307,iter:7,level:10,rank:0,datasize:62,operation:Interpolation
cr:1.18805,iter:7,level:10,rank:0,datasize:353,operation:Post-smoothing
cr:1.0208,iter:7,level:10,rank:0,datasize:92,operation:Interpolation
cr:1.21932,iter:7,level:10,rank:0,datasize:303,operation:Post-smoothing
cr:1.09474,iter:7,level:10,rank:0,datasize:104,operation:Interpolation
cr:1.20168,iter:7,level:10,rank:0,datasize:251,operation:Post-smoothing
cr:1.03771,iter:7,level:10,rank:0,datasize:86,operation:Interpolation
cr:1,iter:7,level:10,rank:0,datasize:200,operation:Post-smoothing
cr:0.996885,iter:7,level:10,rank:0,datasize:200,operation:Residual-Norm
cr:0.996885,iter:8,level:0,rank:0,datasize:200,operation:Pre-Smoothing
cr:0.996885,iter:8,level:0,rank:0,datasize:200,operation:Residual
cr:19.1238,iter:8,level:1,rank:0,datasize:251,operation:Pre-Smoothing
cr:4.88564,iter:8,level:1,rank:0,datasize:251,operation:Residual
cr:23.534,iter:8,level:2,rank:0,datasize:303,operation:Pre-Smoothing
cr:3.96078,iter:8,level:2,rank:0,datasize:303,operation:Residual
cr:27.4175,iter:8,level:3,rank:0,datasize:353,operation:Pre-Smoothing
cr:3.18377,iter:8,level:3,rank:0,datasize:353,operation:Residual
cr:22.1359,iter:8,level:4,rank:0,datasize:285,operation:Pre-Smoothing
cr:2.69504,iter:8,level:4,rank:0,datasize:285,operation:Residual
cr:17.4476,iter:8,level:5,rank:0,datasize:229,operation:Pre-Smoothing
cr:2.01985,iter:8,level:5,rank:0,datasize:229,operation:Residual
cr:12.5818,iter:8,level:6,rank:0,datasize:173,operation:Pre-Smoothing
cr:1.57094,iter:8,level:6,rank:0,datasize:173,operation:Residual
cr:9.09091,iter:8,level:7,rank:0,datasize:125,operation:Pre-Smoothing
cr:1.49701,iter:8,level:7,rank:0,datasize:125,operation:Residual
cr:4.07273,iter:8,level:8,rank:0,datasize:56,operation:Pre-Smoothing
cr:1.01357,iter:8,level:8,rank:0,datasize:56,operation:Residual
cr:2.54545,iter:8,level:9,rank:0,datasize:21,operation:Pre-Smoothing
cr:0.746667,iter:8,level:9,rank:0,datasize:21,operation:Residual
cr:0.495575,iter:8,level:10,rank:0,datasize:7,operation:Interpolation
cr:0.746667,iter:8,level:10,rank:0,datasize:21,operation:Post-smoothing
cr:0.677966,iter:8,level:10,rank:0,datasize:15,operation:Interpolation
cr:0.937238,iter:8,level:10,rank:0,datasize:56,operation:Post-smoothing
cr:0.691892,iter:8,level:10,rank:0,datasize:16,operation:Interpolation
cr:1.23916,iter:8,level:10,rank:0,datasize:125,operation:Post-smoothing
cr:0.797153,iter:8,level:10,rank:0,datasize:28,operation:Interpolation
cr:1.05008,iter:8,level:10,rank:0,datasize:173,operation:Post-smoothing
cr:0.819876,iter:8,level:10,rank:0,datasize:33,operation:Interpolation
cr:1.01891,iter:8,level:10,rank:0,datasize:229,operation:Post-smoothing
cr:0.858537,iter:8,level:10,rank:0,datasize:44,operation:Interpolation
cr:1.11437,iter:8,level:10,rank:0,datasize:285,operation:Post-smoothing
cr:0.895307,iter:8,level:10,rank:0,datasize:62,operation:Interpolation
cr:1.29009,iter:8,level:10,rank:0,datasize:353,operation:Post-smoothing
cr:1.08876,iter:8,level:10,rank:0,datasize:92,operation:Interpolation
cr:1.30253,iter:8,level:10,rank:0,datasize:303,operation:Post-smoothing
cr:1.12432,iter:8,level:10,rank:0,datasize:104,operation:Interpolation
cr:1.4231,iter:8,level:10,rank:0,datasize:251,operation:Post-smoothing
cr:1.04718,iter:8,level:10,rank:0,datasize:86,operation:Interpolation
cr:0.998752,iter:8,level:10,rank:0,datasize:200,operation:Post-smoothing
cr:0.997506,iter:8,level:10,rank:0,datasize:200,operation:Residual-Norm
cr:0.997506,iter:9,level:0,rank:0,datasize:200,operation:Pre-Smoothing
cr:0.998752,iter:9,level:0,rank:0,datasize:200,operation:Residual
cr:19.1238,iter:9,level:1,rank:0,datasize:251,operation:Pre-Smoothing
cr:5.16195,iter:9,level:1,rank:0,datasize:251,operation:Residual
cr:23.534,iter:9,level:2,rank:0,datasize:303,operation:Pre-Smoothing
cr:4.53933,iter:9,level:2,rank:0,datasize:303,operation:Residual
cr:27.4175,iter:9,level:3,rank:0,datasize:353,operation:Pre-Smoothing
cr:4.01707,iter:9,level:3,rank:0,datasize:353,operation:Residual
cr:22.1359,iter:9,level:4,rank:0,datasize:285,operation:Pre-Smoothing
cr:2.80098,iter:9,level:4,rank:0,datasize:285,operation:Residual
cr:17.4476,iter:9,level:5,rank:0,datasize:229,operation:Pre-Smoothing
cr:2.35173,iter:9,level:5,rank:0,datasize:229,operation:Residual
cr:12.5818,iter:9,level:6,rank:0,datasize:173,operation:Pre-Smoothing
cr:1.8478,iter:9,level:6,rank:0,datasize:173,operation:Residual
cr:9.09091,iter:9,level:7,rank:0,datasize:125,operation:Pre-Smoothing
cr:1.5456,iter:9,level:7,rank:0,datasize:125,operation:Residual
cr:4.07273,iter:9,level:8,rank:0,datasize:56,operation:Pre-Smoothing
cr:1.06921,iter:9,level:8,rank:0,datasize:56,operation:Residual
cr:2.54545,iter:9,level:9,rank:0,datasize:21,operation:Pre-Smoothing
cr:0.746667,iter:9,level:9,rank:0,datasize:21,operation:Residual
cr:0.495575,iter:9,level:10,rank:0,datasize:7,operation:Interpolation
cr:0.746667,iter:9,level:10,rank:0,datasize:21,operation:Post-smoothing
cr:0.677966,iter:9,level:10,rank:0,datasize:15,operation:Interpolation
cr:0.982456,iter:9,level:10,rank:0,datasize:56,operation:Post-smoothing
cr:0.691892,iter:9,level:10,rank:0,datasize:16,operation:Interpolation
cr:1.33869,iter:9,level:10,rank:0,datasize:125,operation:Post-smoothing
cr:0.797153,iter:9,level:10,rank:0,datasize:28,operation:Interpolation
cr:1.10016,iter:9,level:10,rank:0,datasize:173,operation:Post-smoothing
cr:0.819876,iter:9,level:10,rank:0,datasize:33,operation:Interpolation
cr:1.17587,iter:9,level:10,rank:0,datasize:229,operation:Post-smoothing
cr:0.858537,iter:9,level:10,rank:0,datasize:44,operation:Interpolation
cr:1.1956,iter:9,level:10,rank:0,datasize:285,operation:Post-smoothing
cr:0.915129,iter:9,level:10,rank:0,datasize:62,operation:Interpolation
cr:1.33775,iter:9,level:10,rank:0,datasize:353,operation:Post-smoothing
cr:1.08876,iter:9,level:10,rank:0,datasize:92,operation:Interpolation
cr:1.37182,iter:9,level:10,rank:0,datasize:303,operation:Post-smoothing
cr:1.15716,iter:9,level:10,rank:0,datasize:104,operation:Interpolation
cr:1.4302,iter:9,level:10,rank:0,datasize:251,operation:Post-smoothing
cr:1.1505,iter:9,level:10,rank:0,datasize:86,operation:Interpolation
cr:0.997506,iter:9,level:10,rank:0,datasize:200,operation:Post-smoothing
cr:0.996885,iter:9,level:10,rank:0,datasize:200,operation:Residual-Norm
cr:0.996885,iter:10,level:0,rank:0,datasize:200,operation:Pre-Smoothing
cr:0.996885,iter:10,level:0,rank:0,datasize:200,operation:Residual
cr:19.1238,iter:10,level:1,rank:0,datasize:251,operation:Pre-Smoothing
cr:5.95846,iter:10,level:1,rank:0,datasize:251,operation:Residual
cr:23.534,iter:10,level:2,rank:0,datasize:303,operation:Pre-Smoothing
cr:6.3125,iter:10,level:2,rank:0,datasize:303,operation:Residual
cr:27.4175,iter:10,level:3,rank:0,datasize:353,operation:Pre-Smoothing
cr:5.16271,iter:10,level:3,rank:0,datasize:353,operation:Residual
cr:22.1359,iter:10,level:4,rank:0,datasize:285,operation:Pre-Smoothing
cr:3.27586,iter:10,level:4,rank:0,datasize:285,operation:Residual
cr:17.4476,iter:10,level:5,rank:0,datasize:229,operation:Pre-Smoothing
cr:2.55509,iter:10,level:5,rank:0,datasize:229,operation:Residual
cr:12.5818,iter:10,level:6,rank:0,datasize:173,operation:Pre-Smoothing
cr:1.89071,iter:10,level:6,rank:0,datasize:173,operation:Residual
cr:9.09091,iter:10,level:7,rank:0,datasize:125,operation:Pre-Smoothing
cr:1.69779,iter:10,level:7,rank:0,datasize:125,operation:Residual
cr:4.07273,iter:10,level:8,rank:0,datasize:56,operation:Pre-Smoothing
cr:1.22071,iter:10,level:8,rank:0,datasize:56,operation:Residual
cr:2.54545,iter:10,level:9,rank:0,datasize:21,operation:Pre-Smoothing
cr:0.746667,iter:10,level:9,rank:0,datasize:21,operation:Residual
cr:0.495575,iter:10,level:10,rank:0,datasize:7,operation:Interpolation
cr:0.746667,iter:10,level:10,rank:0,datasize:21,operation:Post-smoothing
cr:0.677966,iter:10,level:10,rank:0,datasize:15,operation:Interpolation
cr:1.03226,iter:10,level:10,rank:0,datasize:56,operation:Post-smoothing
cr:0.691892,iter:10,level:10,rank:0,datasize:16,operation:Interpolation
cr:1.45985,iter:10,level:10,rank:0,datasize:125,operation:Post-smoothing
cr:0.797153,iter:10,level:10,rank:0,datasize:28,operation:Interpolation
cr:1.53437,iter:10,level:10,rank:0,datasize:173,operation:Post-smoothing
cr:0.819876,iter:10,level:10,rank:0,datasize:33,operation:Interpolation
cr:1.26694,iter:10,level:10,rank:0,datasize:229,operation:Post-smoothing
cr:0.858537,iter:10,level:10,rank:0,datasize:44,operation:Interpolation
cr:1.32558,iter:10,level:10,rank:0,datasize:285,operation:Post-smoothing
cr:0.959381,iter:10,level:10,rank:0,datasize:62,operation:Interpolation
cr:1.46549,iter:10,level:10,rank:0,datasize:353,operation:Post-smoothing
cr:1.13231,iter:10,level:10,rank:0,datasize:92,operation:Interpolation
cr:1.65687,iter:10,level:10,rank:0,datasize:303,operation:Post-smoothing
cr:1.21283,iter:10,level:10,rank:0,datasize:104,operation:Interpolation
cr:1.5663,iter:10,level:10,rank:0,datasize:251,operation:Post-smoothing
cr:1.2049,iter:10,level:10,rank:0,datasize:86,operation:Interpolation
cr:0.996885,iter:10,level:10,rank:0,datasize:200,operation:Post-smoothing
cr:0.995644,iter:10,level:10,rank:0,datasize:200,operation:Residual-Norm
cr:0.995644,iter:11,level:0,rank:0,datasize:200,operation:Pre-Smoothing
cr:0.997506,iter:11,level:0,rank:0,datasize:200,operation:Residual
cr:19.1238,iter:11,level:1,rank:0,datasize:251,operation:Pre-Smoothing
cr:8.84581,iter:11,level:1,rank:0,datasize:251,operation:Residual
cr:23.534,iter:11,level:2,rank:0,datasize:303,operation:Pre-Smoothing
cr:6.24742,iter:11,level:2,rank:0,datasize:303,operation:Residual
cr:27.4175,iter:11,level:3,rank:0,datasize:353,operation:Pre-Smoothing
cr:5.30827,iter:11,level:3,rank:0,datasize:353,operation:Residual
cr:22.1359,iter:11,level:4,rank:0,datasize:285,operation:Pre-Smoothing
cr:3.49158,iter:11,level:4,rank:0,datasize:285,operation:Residual
cr:17.4476,iter:11,level:5,rank:0,datasize:229,operation:Pre-Smoothing
cr:2.55153,iter:11,level:5,rank:0,datasize:229,operation:Residual
cr:12.5818,iter:11,level:6,rank:0,datasize:173,operation:Pre-Smoothing
cr:2.10976,iter:11,level:6,rank:0,datasize:173,operation:Residual
cr:9.09091,iter:11,level:7,rank:0,datasize:125,operation:Pre-Smoothing
cr:1.91571,iter:11,level:7,rank:0,datasize:125,operation:Residual
cr:4.07273,iter:11,level:8,rank:0,datasize:56,operation:Pre-Smoothing
cr:1.30994,iter:11,level:8,rank:0,datasize:56,operation:Residual
cr:2.54545,iter:11,level:9,rank:0,datasize:21,operation:Pre-Smoothing
cr:0.746667,iter:11,level:9,rank:0,datasize:21,operation:Residual
cr:0.495575,iter:11,level:10,rank:0,datasize:7,operation:Interpolation
cr:0.746667,iter:11,level:10,rank:0,datasize:21,operation:Post-smoothing
cr:0.677966,iter:11,level:10,rank:0,datasize:15,operation:Interpolation
cr:1.08738,iter:11,level:10,rank:0,datasize:56,operation:Post-smoothing
cr:0.691892,iter:11,level:10,rank:0,datasize:16,operation:Interpolation
cr:1.49254,iter:11,level:10,rank:0,datasize:125,operation:Post-smoothing
cr:0.797153,iter:11,level:10,rank:0,datasize:28,operation:Interpolation
cr:1.61494,iter:11,level:10,rank:0,datasize:173,operation:Post-smoothing
cr:0.819876,iter:11,level:10,rank:0,datasize:33,operation:Interpolation
cr:1.32466,iter:11,level:10,rank:0,datasize:229,operation:Post-smoothing
cr:0.858537,iter:11,level:10,rank:0,datasize:44,operation:Interpolation
cr:1.27803,iter:11,level:10,rank:0,datasize:285,operation:Post-smoothing
cr:1.00202,iter:11,level:10,rank:0,datasize:62,operation:Interpolation
cr:1.45492,iter:11,level:10,rank:0,datasize:353,operation:Post-smoothing
cr:1.11346,iter:11,level:10,rank:0,datasize:92,operation:Interpolation
cr:1.47805,iter:11,level:10,rank:0,datasize:303,operation:Post-smoothing
cr:1.1954,iter:11,level:10,rank:0,datasize:104,operation:Interpolation
cr:1.91786,iter:11,level:10,rank:0,datasize:251,operation:Post-smoothing
cr:1.21986,iter:11,level:10,rank:0,datasize:86,operation:Interpolation
cr:0.997506,iter:11,level:10,rank:0,datasize:200,operation:Post-smoothing
cr:0.996885,iter:11,level:10,rank:0,datasize:200,operation:Residual-Norm
cr:0.996885,iter:12,level:0,rank:0,datasize:200,operation:Pre-Smoothing
cr:0.996885,iter:12,level:0,rank:0,datasize:200,operation:Residual
cr:19.1238,iter:12,level:1,rank:0,datasize:251,operation:Pre-Smoothing
cr:10.5131,iter:12,level:1,rank:0,datasize:251,operation:Residual
cr:23.534,iter:12,level:2,rank:0,datasize:303,operation:Pre-Smoothing
cr:7.36778,iter:12,level:2,rank:0,datasize:303,operation:Residual
cr:27.4175,iter:12,level:3,rank:0,datasize:353,operation:Pre-Smoothing
cr:5.73984,iter:12,level:3,rank:0,datasize:353,operation:Residual
cr:22.1359,iter:12,level:4,rank:0,datasize:285,operation:Pre-Smoothing
cr:4.21442,iter:12,level:4,rank:0,datasize:285,operation:Residual
cr:17.4476,iter:12,level:5,rank:0,datasize:229,operation:Pre-Smoothing
cr:2.87598,iter:12,level:5,rank:0,datasize:229,operation:Residual
cr:12.5818,iter:12,level:6,rank:0,datasize:173,operation:Pre-Smoothing
cr:2.29519,iter:12,level:6,rank:0,datasize:173,operation:Residual
cr:9.09091,iter:12,level:7,rank:0,datasize:125,operation:Pre-Smoothing
cr:2.10084,iter:12,level:7,rank:0,datasize:125,operation:Residual
cr:4.07273,iter:12,level:8,rank:0,datasize:56,operation:Pre-Smoothing
cr:1.42675,iter:12,level:8,rank:0,datasize:56,operation:Residual
cr:2.54545,iter:12,level:9,rank:0,datasize:21,operation:Pre-Smoothing
cr:0.746667,iter:12,level:9,rank:0,datasize:21,operation:Residual
cr:0.495575,iter:12,level:10,rank:0,datasize:7,operation:Interpolation
cr:0.746667,iter:12,level:10,rank:0,datasize:21,operation:Post-smoothing
cr:0.677966,iter:12,level:10,rank:0,datasize:15,operation:Interpolation
cr:1.23416,iter:12,level:10,rank:0,datasize:56,operation:Post-smoothing
cr:0.691892,iter:12,level:10,rank:0,datasize:16,operation:Interpolation
cr:1.68634,iter:12,level:10,rank:0,datasize:125,operation:Post-smoothing
cr:0.797153,iter:12,level:10,rank:0,datasize:28,operation:Interpolation
cr:1.58534,iter:12,level:10,rank:0,datasize:173,operation:Post-smoothing
cr:0.819876,iter:12,level:10,rank:0,datasize:33,operation:Interpolation
cr:1.41032,iter:12,level:10,rank:0,datasize:229,operation:Post-smoothing
cr:0.858537,iter:12,level:10,rank:0,datasize:44,operation:Interpolation
cr:1.5302,iter:12,level:10,rank:0,datasize:285,operation:Post-smoothing
cr:0.993988,iter:12,level:10,rank:0,datasize:62,operation:Interpolation
cr:1.64569,iter:12,level:10,rank:0,datasize:353,operation:Post-smoothing
cr:1.11684,iter:12,level:10,rank:0,datasize:92,operation:Interpolation
cr:1.78498,iter:12,level:10,rank:0,datasize:303,operation:Post-smoothing
cr:1.34194,iter:12,level:10,rank:0,datasize:104,operation:Interpolation
cr:2.13617,iter:12,level:10,rank:0,datasize:251,operation:Post-smoothing
cr:1.33592,iter:12,level:10,rank:0,datasize:86,operation:Interpolation
cr:0.997506,iter:12,level:10,rank:0,datasize:200,operation:Post-smoothing
cr:0.996885,iter:12,level:10,rank:0,datasize:200,operation:Residual-Norm
cr:0.996885,iter:13,level:0,rank:0,datasize:200,operation:Pre-Smoothing
cr:0.996885,iter:13,level:0,rank:0,datasize:200,operation:Residual
cr:19.1238,iter:13,level:1,rank:0,datasize:251,operation:Pre-Smoothing
cr:11.0939,iter:13,level:1,rank:0,datasize:251,operation:Residual
cr:23.534,iter:13,level:2,rank:0,datasize:303,operation:Pre-Smoothing
cr:9.58103,iter:13,level:2,rank:0,datasize:303,operation:Residual
cr:27.4175,iter:13,level:3,rank:0,datasize:353,operation:Pre-Smoothing
cr:6.87105,iter:13,level:3,rank:0,datasize:353,operation:Residual
cr:22.1359,iter:13,level:4,rank:0,datasize:285,operation:Pre-Smoothing
cr:4.98906,iter:13,level:4,rank:0,datasize:285,operation:Residual
cr:17.4476,iter:13,level:5,rank:0,datasize:229,operation:Pre-Smoothing
cr:3.62055,iter:13,level:5,rank:0,datasize:229,operation:Residual
cr:12.5818,iter:13,level:6,rank:0,datasize:173,operation:Pre-Smoothing
cr:2.5118,iter:13,level:6,rank:0,datasize:173,operation:Residual
cr:9.09091,iter:13,level:7,rank:0,datasize:125,operation:Pre-Smoothing
cr:2.331,iter:13,level:7,rank:0,datasize:125,operation:Residual
cr:4.07273,iter:13,level:8,rank:0,datasize:56,operation:Pre-Smoothing
cr:1.52901,iter:13,level:8,rank:0,datasize:56,operation:Residual
cr:2.54545,iter:13,level:9,rank:0,datasize:21,operation:Pre-Smoothing
cr:0.746667,iter:13,level:9,rank:0,datasize:21,operation:Residual
cr:0.495575,iter:13,level:10,rank:0,datasize:7,operation:Interpolation
cr:0.746667,iter:13,level:10,rank:0,datasize:21,operation:Post-smoothing
cr:0.677966,iter:13,level:10,rank:0,datasize:15,operation:Interpolation
cr:1.41325,iter:13,level:10,rank:0,datasize:56,operation:Post-smoothing
cr:0.691892,iter:13,level:10,rank:0,datasize:16,operation:Interpolation
cr:1.83486,iter:13,level:10,rank:0,datasize:125,operation:Post-smoothing
cr:0.797153,iter:13,level:10,rank:0,datasize:28,operation:Interpolation
cr:1.85274,iter:13,level:10,rank:0,datasize:173,operation:Post-smoothing
cr:0.835443,iter:13,level:10,rank:0,datasize:33,operation:Interpolation
cr:1.96146,iter:13,level:10,rank:0,datasize:229,operation:Post-smoothing
cr:0.933687,iter:13,level:10,rank:0,datasize:44,operation:Interpolation
cr:2.05962,iter:13,level:10,rank:0,datasize:285,operation:Post-smoothing
cr:1.08534,iter:13,level:10,rank:0,datasize:62,operation:Interpolation
cr:2.45565,iter:13,level:10,rank:0,datasize:353,operation:Post-smoothing
cr:1.29806,iter:13,level:10,rank:0,datasize:92,operation:Interpolation
cr:2.45842,iter:13,level:10,rank:0,datasize:303,operation:Post-smoothing
cr:1.49104,iter:13,level:10,rank:0,datasize:104,operation:Interpolation
cr:2.30275,iter:13,level:10,rank:0,datasize:251,operation:Post-smoothing
cr:1.40984,iter:13,level:10,rank:0,datasize:86,operation:Interpolation
cr:0.997506,iter:13,level:10,rank:0,datasize:200,operation:Post-smoothing
cr:0.994406,iter:13,level:10,rank:0,datasize:200,operation:Residual-Norm
cr:0.994406,iter:14,level:0,rank:0,datasize:200,operation:Pre-Smoothing
cr:0.995644,iter:14,level:0,rank:0,datasize:200,operation:Residual
cr:19.1238,iter:14,level:1,rank:0,datasize:251,operation:Pre-Smoothing
cr:11.3446,iter:14,level:1,rank:0,datasize:251,operation:Residual
cr:23.534,iter:14,level:2,rank:0,datasize:303,operation:Pre-Smoothing
cr:10.9683,iter:14,level:2,rank:0,datasize:303,operation:Residual
cr:27.4175,iter:14,level:3,rank:0,datasize:353,operation:Pre-Smoothing
cr:9.1987,iter:14,level:3,rank:0,datasize:353,operation:Residual
cr:22.1359,iter:14,level:4,rank:0,datasize:285,operation:Pre-Smoothing
cr:5.54745,iter:14,level:4,rank:0,datasize:285,operation:Residual
cr:17.4476,iter:14,level:5,rank:0,datasize:229,operation:Pre-Smoothing
cr:3.39259,iter:14,level:5,rank:0,datasize:229,operation:Residual
cr:12.5818,iter:14,level:6,rank:0,datasize:173,operation:Pre-Smoothing
cr:2.67698,iter:14,level:6,rank:0,datasize:173,operation:Residual
cr:9.09091,iter:14,level:7,rank:0,datasize:125,operation:Pre-Smoothing
cr:2.77008,iter:14,level:7,rank:0,datasize:125,operation:Residual
cr:4.07273,iter:14,level:8,rank:0,datasize:56,operation:Pre-Smoothing
cr:1.59431,iter:14,level:8,rank:0,datasize:56,operation:Residual
cr:2.54545,iter:14,level:9,rank:0,datasize:21,operation:Pre-Smoothing
cr:0.746667,iter:14,level:9,rank:0,datasize:21,operation:Residual
cr:0.495575,iter:14,level:10,rank:0,datasize:7,operation:Interpolation
cr:0.760181,iter:14,level:10,rank:0,datasize:21,operation:Post-smoothing
cr:0.677966,iter:14,level:10,rank:0,datasize:15,operation:Interpolation
cr:1.41772,iter:14,level:10,rank:0,datasize:56,operation:Post-smoothing
cr:0.691892,iter:14,level:10,rank:0,datasize:16,operation:Interpolation
cr:1.91205,iter:14,level:10,rank:0,datasize:125,operation:Post-smoothing
cr:0.797153,iter:14,level:10,rank:0,datasize:28,operation:Interpolation
cr:2.03231,iter:14,level:10,rank:0,datasize:173,operation:Post-smoothing
cr:0.832808,iter:14,level:10,rank:0,datasize:33,operation:Interpolation
cr:1.82289,iter:14,level:10,rank:0,datasize:229,operation:Post-smoothing
cr:0.897959,iter:14,level:10,rank:0,datasize:44,operation:Interpolation
cr:1.7579,iter:14,level:10,rank:0,datasize:285,operation:Post-smoothing
cr:1.12472,iter:14,level:10,rank:0,datasize:62,operation:Interpolation
cr:2.03458,iter:14,level:10,rank:0,datasize:353,operation:Post-smoothing
cr:1.29806,iter:14,level:10,rank:0,datasize:92,operation:Interpolation
cr:2.68736,iter:14,level:10,rank:0,datasize:303,operation:Post-smoothing
cr:1.53223,iter:14,level:10,rank:0,datasize:104,operation:Interpolation
cr:2.5645,iter:14,level:10,rank:0,datasize:251,operation:Post-smoothing
cr:1.48276,iter:14,level:10,rank:0,datasize:86,operation:Interpolation
cr:0.998752,iter:14,level:10,rank:0,datasize:200,operation:Post-smoothing
cr:0.998129,iter:14,level:10,rank:0,datasize:200,operation:Residual-Norm
cr:0.998129,iter:15,level:0,rank:0,datasize:200,operation:Pre-Smoothing
cr:0.997506,iter:15,level:0,rank:0,datasize:200,operation:Residual
cr:19.1238,iter:15,level:1,rank:0,datasize:251,operation:Pre-Smoothing
cr:10.9727,iter:15,level:1,rank:0,datasize:251,operation:Residual
cr:23.534,iter:15,level:2,rank:0,datasize:303,operation:Pre-Smoothing
cr:11.767,iter:15,level:2,rank:0,datasize:303,operation:Residual
cr:27.4175,iter:15,level:3,rank:0,datasize:353,operation:Pre-Smoothing
cr:8.68923,iter:15,level:3,rank:0,datasize:353,operation:Residual
cr:22.1359,iter:15,level:4,rank:0,datasize:285,operation:Pre-Smoothing
cr:6.29834,iter:15,level:4,rank:0,datasize:285,operation:Residual
cr:17.4476,iter:15,level:5,rank:0,datasize:229,operation:Pre-Smoothing
cr:4.56858,iter:15,level:5,rank:0,datasize:229,operation:Residual
cr:12.5818,iter:15,level:6,rank:0,datasize:173,operation:Pre-Smoothing
cr:3.05519,iter:15,level:6,rank:0,datasize:173,operation:Residual
cr:9.09091,iter:15,level:7,rank:0,datasize:125,operation:Pre-Smoothing
cr:2.96736,iter:15,level:7,rank:0,datasize:125,operation:Residual
cr:4.07273,iter:15,level:8,rank:0,datasize:56,operation:Pre-Smoothing
cr:1.77075,iter:15,level:8,rank:0,datasize:56,operation:Residual
cr:2.54545,iter:15,level:9,rank:0,datasize:21,operation:Pre-Smoothing
cr:0.746667,iter:15,level:9,rank:0,datasize:21,operation:Residual
cr:0.495575,iter:15,level:10,rank:0,datasize:7,operation:Interpolation
cr:0.746667,iter:15,level:10,rank:0,datasize:21,operation:Post-smoothing
cr:0.677966,iter:15,level:10,rank:0,datasize:15,operation:Interpolation
cr:1.6,iter:15,level:10,rank:0,datasize:56,operation:Post-smoothing
cr:0.691892,iter:15,level:10,rank:0,datasize:16,operation:Interpolation
cr:2.03666,iter:15,level:10,rank:0,datasize:125,operation:Post-smoothing
cr:0.805755,iter:15,level:10,rank:0,datasize:28,operation:Interpolation
cr:2.16928,iter:15,level:10,rank:0,datasize:173,operation:Post-smoothing
cr:0.877076,iter:15,level:10,rank:0,datasize:33,operation:Interpolation
cr:2.31313,iter:15,level:10,rank:0,datasize:229,operation:Post-smoothing
cr:1.01149,iter:15,level:10,rank:0,datasize:44,operation:Interpolation
cr:2.5,iter:15,level:10,rank:0,datasize:285,operation:Post-smoothing
cr:1.09011,iter:15,level:10,rank:0,datasize:62,operation:Interpolation
cr:2.94473,iter:15,level:10,rank:0,datasize:353,operation:Post-smoothing
cr:1.43191,iter:15,level:10,rank:0,datasize:92,operation:Interpolation
cr:2.96333,iter:15,level:10,rank:0,datasize:303,operation:Post-smoothing
cr:1.6378,iter:15,level:10,rank:0,datasize:104,operation:Interpolation
cr:3.06565,iter:15,level:10,rank:0,datasize:251,operation:Post-smoothing
cr:1.54955,iter:15,level:10,rank:0,datasize:86,operation:Interpolation
cr:0.998129,iter:15,level:10,rank:0,datasize:200,operation:Post-smoothing
cr:0.998129,iter:15,level:10,rank:0,datasize:200,operation:Residual-Norm
Total iterations is: 16
Total iterations is: 16
Res[0] = 1.000000e+00
Res[1] = 1.164093e-01
Res[2] = 2.132681e-02
Res[3] = 5.061518e-03
Res[4] = 1.666270e-03
Res[5] = 7.200744e-04
Res[6] = 3.653498e-04
Res[7] = 2.054100e-04
Res[8] = 1.244752e-04
Res[9] = 7.981760e-05
Res[10] = 5.339943e-05
Res[11] = 3.685821e-05
Res[12] = 2.602760e-05
Res[13] = 1.872422e-05
Res[14] = 1.365625e-05
Res[15] = 1.004420e-05
Res[16] = 7.441437e-06
Raptor AMG Setup Time: 1.070305e+00
Raptor AMG Solve Time: 1.452911e+00
