-- Could NOT find MPI_C (missing: MPI_C_WORKS) 
-- Configuring incomplete, errors occurred!
  argv[1] = 1e-7
  argv[2] = 1e-7
  argv[3] = 1
  argv[4] = 18000
  argv[1] = 1e-7
  argv[2] = 1e-7
  argv[3] = 1
  argv[4] = 18000
N is>>>>>18000
TIme matrix setup before2539.6
N is>>>>>18000
TIme matrix setup before2539.6
TIme matrix setup after2539.6
TIme matrix setup after2539.6

===================================================================================
=   BAD TERMINATION OF ONE OF YOUR APPLICATION PROCESSES
=   PID 4100537 RUNNING AT nodelm07
=   EXIT CODE: 134
=   CLEANING UP REMAINING PROCESSES
=   YOU CAN IGNORE THE BELOW CLEANUP MESSAGES
===================================================================================
YOUR APPLICATION TERMINATED WITH THE EXIT STRING: Aborted (signal 6)
This typically refers to a problem with your application.
Please see the FAQ page for debugging suggestions
